// Jest Snapshot v1, https://goo.gl/fbAQLP

exports[`Toolbar Toolbar to match snapshot 1`] = `
<ContextConsumer>
  <Component />
</ContextConsumer>
`;
